// Vitest Snapshot v1

exports[`CheckboxGroup > :props > max 1`] = `
<div
  class="t-checkbox-group"
>
  
  
</div>
`;

exports[`CheckboxGroup > :props > name 1`] = `
<div
  class="t-checkbox-group"
>
  
  
</div>
`;

exports[`CheckboxGroup > :props > value 1`] = `
<div
  class="t-checkbox-group"
>
  
  
</div>
`;
